MAPS_MUS-alb_esp2_AkPnStgb.txt
MAPS_MUS-alb_esp3_AkPnCGdD.txt
MAPS_MUS-alb_esp6_SptkBGCl.txt
MAPS_MUS-alb_se3_AkPnBcht.txt
MAPS_MUS-alb_se4_AkPnBsdf.txt
MAPS_MUS-alb_se8_SptkBGAm.txt
MAPS_MUS-appass_1_AkPnBsdf.txt
MAPS_MUS-bach_846_AkPnBcht.txt
MAPS_MUS-bach_847_SptkBGCl.txt
MAPS_MUS-bk_xmas1_ENSTDkAm.txt
MAPS_MUS-bk_xmas4_StbgTGd2.txt
MAPS_MUS-bk_xmas5_ENSTDkCl.txt
MAPS_MUS-bor_ps5_AkPnStgb.txt
MAPS_MUS-bor_ps6_StbgTGd2.txt
MAPS_MUS-br_im2_SptkBGAm.txt
MAPS_MUS-br_im5_AkPnBsdf.txt
MAPS_MUS-chpn-p10_AkPnStgb.txt
MAPS_MUS-chpn-p13_AkPnCGdD.txt
MAPS_MUS-chpn-p14_ENSTDkAm.txt
MAPS_MUS-chpn-p3_AkPnBcht.txt
MAPS_MUS-chpn_op27_1_AkPnCGdD.txt
MAPS_MUS-chpn_op27_2_SptkBGCl.txt
MAPS_MUS-chpn_op33_2_SptkBGAm.txt
MAPS_MUS-chpn_op7_1_ENSTDkAm.txt
MAPS_MUS-deb_pass_SptkBGAm.txt
MAPS_MUS-grieg_butterfly_ENSTDkAm.txt
MAPS_MUS-grieg_elfentanz_AkPnBsdf.txt
MAPS_MUS-grieg_kobold_AkPnCGdD.txt
MAPS_MUS-grieg_waechter_AkPnBcht.txt
MAPS_MUS-grieg_walzer_SptkBGCl.txt
MAPS_MUS-liz_et2_AkPnStgb.txt
MAPS_MUS-liz_et6_ENSTDkCl.txt
MAPS_MUS-liz_et_trans5_StbgTGd2.txt
MAPS_MUS-mendel_op62_5_ENSTDkAm.txt
MAPS_MUS-mos_op36_6_AkPnBsdf.txt
MAPS_MUS-muss_2_AkPnCGdD.txt
MAPS_MUS-muss_5_AkPnBcht.txt
MAPS_MUS-mz_311_1_ENSTDkCl.txt
MAPS_MUS-mz_331_2_StbgTGd2.txt
MAPS_MUS-mz_545_3_ENSTDkCl.txt
MAPS_MUS-schub_d960_3_SptkBGCl.txt
MAPS_MUS-schuim-1_StbgTGd2.txt
MAPS_MUS-schumm-1_AkPnStgb.txt
MAPS_MUS-schumm-2_SptkBGAm.txt
MAPS_MUS-schu_143_3_ENSTDkCl.txt
MAPS_MUS-scn15_12_StbgTGd2.txt
MAPS_MUS-scn15_9_ENSTDkAm.txt
MAPS_MUS-scn16_7_SptkBGAm.txt
MAPS_MUS-ty_februar_AkPnCGdD.txt
MAPS_MUS-ty_januar_AkPnStgb.txt
MAPS_MUS-ty_juli_AkPnBsdf.txt
MAPS_MUS-ty_maerz_ENSTDkCl.txt
MAPS_MUS-ty_mai_AkPnBcht.txt
MAPS_MUS-ty_november_SptkBGCl.txt
