MAPS_MUS-alb_esp2_SptkBGAm.txt
MAPS_MUS-alb_esp2_SptkBGCl.txt
MAPS_MUS-alb_esp4_AkPnStgb.txt
MAPS_MUS-alb_esp5_SptkBGCl.txt
MAPS_MUS-alb_se2_ENSTDkCl.txt
MAPS_MUS-alb_se2_StbgTGd2.txt
MAPS_MUS-alb_se7_AkPnBsdf.txt
MAPS_MUS-appass_3_AkPnStgb.txt
MAPS_MUS-bach_846_SptkBGAm.txt
MAPS_MUS-bach_847_AkPnStgb.txt
MAPS_MUS-bach_850_AkPnBsdf.txt
MAPS_MUS-bk_xmas1_AkPnBsdf.txt
MAPS_MUS-bk_xmas1_ENSTDkCl.txt
MAPS_MUS-bk_xmas1_StbgTGd2.txt
MAPS_MUS-bk_xmas2_AkPnStgb.txt
MAPS_MUS-bk_xmas2_SptkBGCl.txt
MAPS_MUS-bk_xmas3_AkPnStgb.txt
MAPS_MUS-bk_xmas4_ENSTDkCl.txt
MAPS_MUS-bk_xmas4_SptkBGCl.txt
MAPS_MUS-bk_xmas5_AkPnBcht.txt
MAPS_MUS-bk_xmas5_AkPnCGdD.txt
MAPS_MUS-bk_xmas5_StbgTGd2.txt
MAPS_MUS-bor_ps1_AkPnCGdD.txt
MAPS_MUS-bor_ps2_SptkBGAm.txt
MAPS_MUS-bor_ps6_AkPnBsdf.txt
MAPS_MUS-br_im2_AkPnCGdD.txt
MAPS_MUS-br_im5_AkPnCGdD.txt
MAPS_MUS-br_im5_SptkBGCl.txt
MAPS_MUS-br_im6_AkPnStgb.txt
MAPS_MUS-burg_perlen_SptkBGCl.txt
MAPS_MUS-burg_quelle_SptkBGAm.txt
MAPS_MUS-chpn-e01_ENSTDkCl.txt
MAPS_MUS-chpn-e01_SptkBGAm.txt
MAPS_MUS-chpn-p11_AkPnCGdD.txt
MAPS_MUS-chpn-p12_AkPnBcht.txt
MAPS_MUS-chpn-p13_AkPnBcht.txt
MAPS_MUS-chpn-p14_AkPnBcht.txt
MAPS_MUS-chpn-p14_AkPnCGdD.txt
MAPS_MUS-chpn-p15_AkPnCGdD.txt
MAPS_MUS-chpn-p15_ENSTDkAm.txt
MAPS_MUS-chpn-p16_AkPnStgb.txt
MAPS_MUS-chpn-p19_ENSTDkCl.txt
MAPS_MUS-chpn-p19_StbgTGd2.txt
MAPS_MUS-chpn-p1_AkPnBcht.txt
MAPS_MUS-chpn-p20_AkPnCGdD.txt
MAPS_MUS-chpn-p21_AkPnBsdf.txt
MAPS_MUS-chpn-p24_AkPnBcht.txt
MAPS_MUS-chpn-p2_SptkBGCl.txt
MAPS_MUS-chpn-p4_AkPnBcht.txt
MAPS_MUS-chpn-p4_AkPnBsdf.txt
MAPS_MUS-chpn-p6_SptkBGAm.txt
MAPS_MUS-chpn-p6_SptkBGCl.txt
MAPS_MUS-chpn-p7_AkPnCGdD.txt
MAPS_MUS-chpn-p7_SptkBGCl.txt
MAPS_MUS-chpn-p9_AkPnBsdf.txt
MAPS_MUS-chpn_op10_e01_AkPnCGdD.txt
MAPS_MUS-chpn_op10_e05_SptkBGAm.txt
MAPS_MUS-chpn_op25_e3_SptkBGAm.txt
MAPS_MUS-chpn_op25_e4_ENSTDkAm.txt
MAPS_MUS-chpn_op33_2_ENSTDkAm.txt
MAPS_MUS-chpn_op35_1_ENSTDkAm.txt
MAPS_MUS-chpn_op35_3_AkPnStgb.txt
MAPS_MUS-chpn_op66_AkPnBcht.txt
MAPS_MUS-chpn_op66_ENSTDkAm.txt
MAPS_MUS-chpn_op7_2_SptkBGAm.txt
MAPS_MUS-chp_op18_AkPnCGdD.txt
MAPS_MUS-chp_op31_AkPnStgb.txt
MAPS_MUS-deb_clai_ENSTDkCl.txt
MAPS_MUS-deb_clai_StbgTGd2.txt
MAPS_MUS-deb_menu_ENSTDkCl.txt
MAPS_MUS-gra_esp_2_AkPnStgb.txt
MAPS_MUS-gra_esp_3_SptkBGAm.txt
MAPS_MUS-gra_esp_4_AkPnBcht.txt
MAPS_MUS-grieg_butterfly_ENSTDkCl.txt
MAPS_MUS-grieg_butterfly_StbgTGd2.txt
MAPS_MUS-grieg_elfentanz_SptkBGAm.txt
MAPS_MUS-grieg_halling_AkPnBsdf.txt
MAPS_MUS-grieg_kobold_AkPnStgb.txt
MAPS_MUS-grieg_kobold_ENSTDkAm.txt
MAPS_MUS-grieg_walzer_AkPnBcht.txt
MAPS_MUS-grieg_wanderer_AkPnBsdf.txt
MAPS_MUS-grieg_wanderer_SptkBGAm.txt
MAPS_MUS-grieg_zwerge_AkPnBcht.txt
MAPS_MUS-hay_40_1_AkPnBcht.txt
MAPS_MUS-liz_et1_SptkBGAm.txt
MAPS_MUS-liz_et4_SptkBGCl.txt
MAPS_MUS-liz_et5_AkPnCGdD.txt
MAPS_MUS-liz_et6_AkPnBsdf.txt
MAPS_MUS-liz_et6_StbgTGd2.txt
MAPS_MUS-liz_et_trans5_AkPnCGdD.txt
MAPS_MUS-liz_et_trans5_ENSTDkCl.txt
MAPS_MUS-liz_rhap02_AkPnCGdD.txt
MAPS_MUS-liz_rhap02_ENSTDkAm.txt
MAPS_MUS-liz_rhap09_ENSTDkAm.txt
MAPS_MUS-liz_rhap09_SptkBGCl.txt
MAPS_MUS-liz_rhap09_StbgTGd2.txt
MAPS_MUS-liz_rhap10_AkPnBsdf.txt
MAPS_MUS-liz_rhap12_ENSTDkAm.txt
MAPS_MUS-mendel_op53_5_AkPnCGdD.txt
MAPS_MUS-mendel_op62_5_SptkBGAm.txt
MAPS_MUS-mond_1_SptkBGAm.txt
MAPS_MUS-mond_2_SptkBGAm.txt
MAPS_MUS-mond_2_SptkBGCl.txt
MAPS_MUS-mond_3_AkPnStgb.txt
MAPS_MUS-muss_1_ENSTDkAm.txt
MAPS_MUS-muss_4_AkPnBsdf.txt
MAPS_MUS-mz_311_1_StbgTGd2.txt
MAPS_MUS-mz_330_1_SptkBGCl.txt
MAPS_MUS-mz_331_1_SptkBGCl.txt
MAPS_MUS-mz_331_2_AkPnBcht.txt
MAPS_MUS-mz_331_2_AkPnBsdf.txt
MAPS_MUS-mz_331_3_AkPnBsdf.txt
MAPS_MUS-mz_331_3_ENSTDkCl.txt
MAPS_MUS-mz_332_1_AkPnBsdf.txt
MAPS_MUS-mz_332_2_ENSTDkCl.txt
MAPS_MUS-mz_332_2_StbgTGd2.txt
MAPS_MUS-mz_333_2_AkPnCGdD.txt
MAPS_MUS-mz_333_2_StbgTGd2.txt
MAPS_MUS-mz_333_3_ENSTDkCl.txt
MAPS_MUS-mz_570_1_StbgTGd2.txt
MAPS_MUS-pathetique_1_ENSTDkCl.txt
MAPS_MUS-pathetique_1_StbgTGd2.txt
MAPS_MUS-pathetique_2_ENSTDkAm.txt
MAPS_MUS-schub_d760_1_AkPnBcht.txt
MAPS_MUS-schub_d760_3_ENSTDkAm.txt
MAPS_MUS-schub_d960_3_AkPnCGdD.txt
MAPS_MUS-schub_d960_3_AkPnStgb.txt
MAPS_MUS-schuim-1_AkPnStgb.txt
MAPS_MUS-schuim-1_ENSTDkCl.txt
MAPS_MUS-schuim-3_AkPnStgb.txt
MAPS_MUS-schumm-1_ENSTDkAm.txt
MAPS_MUS-schu_143_1_ENSTDkAm.txt
MAPS_MUS-schu_143_3_StbgTGd2.txt
MAPS_MUS-scn15_11_ENSTDkCl.txt
MAPS_MUS-scn15_11_StbgTGd2.txt
MAPS_MUS-scn15_12_ENSTDkCl.txt
MAPS_MUS-scn15_13_AkPnStgb.txt
MAPS_MUS-scn15_2_SptkBGCl.txt
MAPS_MUS-scn15_3_AkPnBcht.txt
MAPS_MUS-scn15_6_ENSTDkAm.txt
MAPS_MUS-scn15_7_AkPnBcht.txt
MAPS_MUS-scn16_2_AkPnBcht.txt
MAPS_MUS-scn16_2_SptkBGCl.txt
MAPS_MUS-scn16_3_StbgTGd2.txt
MAPS_MUS-scn16_4_AkPnBsdf.txt
MAPS_MUS-scn16_4_AkPnCGdD.txt
MAPS_MUS-scn16_4_ENSTDkCl.txt
MAPS_MUS-scn16_4_StbgTGd2.txt
MAPS_MUS-scn16_5_SptkBGAm.txt
MAPS_MUS-ty_februar_SptkBGCl.txt
MAPS_MUS-ty_juli_AkPnBcht.txt
MAPS_MUS-ty_juni_AkPnBsdf.txt
MAPS_MUS-ty_maerz_ENSTDkAm.txt
MAPS_MUS-ty_maerz_StbgTGd2.txt
MAPS_MUS-ty_mai_ENSTDkAm.txt
MAPS_MUS-ty_mai_ENSTDkCl.txt
MAPS_MUS-ty_mai_SptkBGAm.txt
MAPS_MUS-ty_november_ENSTDkAm.txt
MAPS_MUS-ty_september_AkPnStgb.txt
MAPS_MUS-waldstein_1_AkPnBsdf.txt
MAPS_MUS-waldstein_1_AkPnStgb.txt
MAPS_MUS-waldstein_3_SptkBGCl.txt
